2026-09-20T19:47:43+08:00
Linux hyq-System-Product-Name 5.15.0-139-generic #149~20.04.1-Ubuntu SMP Wed Apr 16 08:29:56 UTC 2025 x86_64 x86_64 x86_64 GNU/Linux
NAME="Ubuntu"
VERSION="20.04.6 LTS (Focal Fossa)"
ID=ubuntu
ID_LIKE=debian
PRETTY_NAME="Ubuntu 20.04.6 LTS"
VERSION_ID="20.04"
HOME_URL="https://www.ubuntu.com/"
SUPPORT_URL="https://help.ubuntu.com/"
BUG_REPORT_URL="https://bugs.launchpad.net/ubuntu/"
PRIVACY_POLICY_URL="https://www.ubuntu.com/legal/terms-and-policies/privacy-policy"
VERSION_CODENAME=focal
UBUNTU_CODENAME=focal
架构：                                x86_64
CPU 运行模式：                        32-bit, 64-bit
字节序：                              Little Endian
Address sizes:                        39 bits physical, 48 bits virtual
CPU:                                  32
在线 CPU 列表：                       0-31
每个核的线程数：                      1
每个座的核数：                        24
座：                                  1
NUMA 节点：                           1
厂商 ID：                             GenuineIntel
CPU 系列：                            6
型号：                                183
型号名称：                            Intel(R) Core(TM) i9-14900KF
步进：                                1
CPU MHz：                             1503.917
CPU 最大 MHz：                        6000.0000
CPU 最小 MHz：                        800.0000
BogoMIPS：                            6374.40
虚拟化：                              VT-x
L1d 缓存：                            576 KiB
L1i 缓存：                            384 KiB
L2 缓存：                             24 MiB
NUMA 节点0 CPU：                      0-31
Vulnerability Gather data sampling:   Not affected
Vulnerability Itlb multihit:          Not affected
Vulnerability L1tf:                   Not affected
Vulnerability Mds:                    Not affected
Vulnerability Meltdown:               Not affected
Vulnerability Mmio stale data:        Not affected
Vulnerability Reg file data sampling: Mitigation; Clear Register File
Vulnerability Retbleed:               Not affected
Vulnerability Spec rstack overflow:   Not affected
Vulnerability Spec store bypass:      Mitigation; Speculative Store Bypass disabled via prctl and seccomp
Vulnerability Spectre v1:             Mitigation; usercopy/swapgs barriers and __user pointer sanitization
Vulnerability Spectre v2:             Mitigation; Enhanced / Automatic IBRS; IBPB conditional; RSB filling; PBRSB-eIBRS SW sequence; BHI BHI_DIS_S
Vulnerability Srbds:                  Not affected
Vulnerability Tsx async abort:        Not affected
标记：                                fpu vme de pse tsc msr pae mce cx8 apic sep mtrr pge mca cmov pat pse36 clflush dts acpi mmx fxsr sse sse2 ss ht tm pbe syscall nx pdpe1gb rdtscp lm constant_tsc art arch_perfmon pebs bts rep_good nopl xtopology nonstop_tsc cpuid aperfmperf tsc_known_freq pni pclmulqdq dtes64 monitor ds_cpl vmx est tm2 ssse3 sdbg fma cx16 xtpr pdcm sse4_1 sse4_2 x2apic movbe popcnt tsc_deadline_timer aes xsave avx f16c rdrand lahf_lm abm 3dnowprefetch cpuid_fault epb ssbd ibrs ibpb stibp ibrs_enhanced tpr_shadow vnmi flexpriority ept vpid ept_ad fsgsbase tsc_adjust bmi1 avx2 smep bmi2 erms invpcid rdseed adx smap clflushopt clwb intel_pt sha_ni xsaveopt xsavec xgetbv1 xsaves split_lock_detect avx_vnni dtherm ida arat pln pts hwp hwp_notify hwp_act_window hwp_epp hwp_pkg_req umip pku ospke waitpkg gfni vaes vpclmulqdq rdpid movdiri movdir64b fsrm md_clear serialize arch_lbr flush_l1d arch_capabilities
c++ (Ubuntu 9.4.0-1ubuntu1~20.04.2) 9.4.0
Copyright (C) 2019 Free Software Foundation, Inc.
This is free software; see the source for copying conditions.  There is NO
warranty; not even for MERCHANTABILITY or FITNESS FOR A PARTICULAR PURPOSE.

cmake version 3.16.3

CMake suite maintained and supported by Kitware (kitware.com/cmake).
nvcc: NVIDIA (R) Cuda compiler driver
Copyright (c) 2005-2024 NVIDIA Corporation
Built on Fri_Jun_14_16:34:21_PDT_2024
Cuda compilation tools, release 12.6, V12.6.20
Build cuda_12.6.r12.6/compiler.34431801_0
Sun Sep 20 19:47:43 2026       
+-----------------------------------------------------------------------------------------+
| NVIDIA-SMI 570.169                Driver Version: 570.169        CUDA Version: 12.8     |
|-----------------------------------------+------------------------+----------------------+
| GPU  Name                 Persistence-M | Bus-Id          Disp.A | Volatile Uncorr. ECC |
| Fan  Temp   Perf          Pwr:Usage/Cap |           Memory-Usage | GPU-Util  Compute M. |
|                                         |                        |               MIG M. |
|=========================================+========================+======================|
|   0  NVIDIA GeForce RTX 3090        Off |   00000000:01:00.0  On |                  N/A |
| 41%   36C    P8             32W /  350W |    1114MiB /  24576MiB |     23%      Default |
|                                         |                        |                  N/A |
+-----------------------------------------+------------------------+----------------------+
                                                                                         
+-----------------------------------------------------------------------------------------+
| Processes:                                                                              |
|  GPU   GI   CI              PID   Type   Process name                        GPU Memory |
|        ID   ID                                                               Usage      |
|=========================================================================================|
|    0   N/A  N/A            1283      G   /usr/lib/xorg/Xorg                       35MiB |
|    0   N/A  N/A            1769      G   /usr/lib/xorg/Xorg                      515MiB |
|    0   N/A  N/A            1896      G   /usr/bin/gnome-shell                     33MiB |
|    0   N/A  N/A            4430      G   /usr/lib/firefox/firefox                259MiB |
|    0   N/A  N/A           18023      G   ./v2rayN                                 19MiB |
|    0   N/A  N/A          601036      G   ...rack-uuid=3190708988185955192         49MiB |
|    0   N/A  N/A         1238081      G   /opt/zotero/zotero-bin                   11MiB |
+-----------------------------------------------------------------------------------------+
/usr/local/cuda-12.6/bin/compute-sanitizer
/usr/local/cuda-12.6/bin/ncu
/usr/local/cuda-12.6/bin/nsys
